../Core/Src/main.c:84:6:UART_TransmitString	16	static
../Core/Src/main.c:89:6:UART_TransmitInt	32	static
../Core/Src/main.c:96:6:UART_TransmitFloat	32	static
../Core/Src/main.c:104:6:adxl_write	32	static
../Core/Src/main.c:112:6:adxl_read	32	static
../Core/Src/main.c:117:6:adxl_init	8	static
../Core/Src/main.c:125:5:main	32	static
../Core/Src/main.c:233:6:SystemClock_Config	88	static
../Core/Src/main.c:286:13:MX_I2C1_Init	8	static
../Core/Src/main.c:332:13:MX_USART1_UART_Init	8	static
../Core/Src/main.c:367:13:MX_GPIO_Init	72	static
../Core/Src/main.c:849:6:HAL_TIM_PeriodElapsedCallback	16	static
../Core/Src/main.c:866:6:Error_Handler	4	static,ignoring_inline_asm
